PS C:\Program Files\PowerShell\7> Install-Module -Name Az -AllowClobber -force

PS C:\Program Files\PowerShell\7> Get-Module -Name Az -ListAvailable

    Directory: C:\Users\Rakeshkumar\Documents\PowerShell\Modules

ModuleType Version    PreRelease Name                                PSEdition ExportedCommands
---------- -------    ---------- ----                                --------- ----------------
Script     5.7.0                 Az                                  Core,Desk

PS C:\Program Files\PowerShell\7> connect-azaccount
WARNING: Both Az and AzureRM modules were detected on this machine. Az and AzureRM modules cannot be imported in the same session or used in the same script or runbook. If you are running PowerShell in an environment you control you can use the 'Uninstall-AzureRm' cmdlet to remove all AzureRm modules from your machine. If you are running in Azure Automation, take care that none of your runbooks import both Az and AzureRM modules. More information can be found here: https://aka.ms/azps-migration-guide

Account                      SubscriptionName TenantId                             Environment
-------                      ---------------- --------                             -----------
rakeshkumardesai@outlook.com Free Trial       2f3a0102-9aef-4e37-88a1-a765844e8396 AzureCloud

PS C:\Program Files\PowerShell\7> get-azvm                                                                                                                                       PS C:\Program Files\PowerShell\7> new-azresourcegroup -name powershellgroup -location esatus                                                                                     New-AzResourceGroup: The provided location 'esatus' is not available for resource group. List of available regions is 'centralus,eastasia,southeastasia,eastus,eastus2,westus,westus2,northcentralus,southcentralus,westcentralus,northeurope,westeurope,japaneast,japanwest,brazilsouth,australiasoutheast,australiaeast,westindia,southindia,centralindia,canadacentral,canadaeast,uksouth,ukwest,koreacentral,koreasouth,francecentral,southafricanorth,uaenorth,australiacentral,switzerlandnorth,germanywestcentral,norwayeast,jioindiawest,australiacentral2'.                                                                                                                                                                StatusCode: 400                                                                                                                                                                  ReasonPhrase: Bad Request                                                                                                                                                        OperationID : e43a9a7c-0f92-4cfa-b1f9-bef6a3de8957                                                                                                                               PS C:\Program Files\PowerShell\7> new-azresourcegroup -name powershellgroup -location eastus                                                                                                                                                                                                                                                                      ResourceGroupName : powershellgroup                                                                                                                                              Location          : eastus                                                                                                                                                       ProvisioningState : Succeeded                                                                                                                                                    Tags              :                                                                                                                                                              ResourceId        : /subscriptions/fe15dc29-81da-4200-a630-8dc1a241a2c7/resourceGroups/powershellgroup                                                                                                                                                                                                                                                                                                                                                                                                                                             PS C:\Program Files\PowerShell\7> new-azvm -resourcegroupname powershellgroup -name aznewvm -location eastus -virtualnetworkname "mynewnet" -Subnetname "default" -PublicIpAddressName "mypublicip" -SecurityGroupName "defaultsecurity" -OpenPorts 80,3389                                                                                                                                                                                                                                                                                        cmdlet New-AzVM at command pipeline position 1                                                                                                                                   Supply values for the following parameters:
Credential
User: rdtestuser
Password for user rdtestuser: ************



ResourceGroupName        : powershellgroup
Id                       : /subscriptions/fe15dc29-81da-4200-a630-8dc1a241a2c7/resourceGroups/powershellgroup/providers/Microsoft.Compute/virtualMachines/aznewvm
VmId                     : 80018402-9d37-49cb-be45-f192e49db1b3
Name                     : aznewvm
Type                     : Microsoft.Compute/virtualMachines
Location                 : eastus
Tags                     : {}
HardwareProfile          : {VmSize}
NetworkProfile           : {NetworkInterfaces}
OSProfile                : {ComputerName, AdminUsername, WindowsConfiguration, Secrets, AllowExtensionOperations, RequireGuestProvisionSignal}
ProvisioningState        : Succeeded
StorageProfile           : {ImageReference, OsDisk, DataDisks}
FullyQualifiedDomainName : aznewvm-5965f8.eastus.cloudapp.azure.com


PS C:\Program Files\PowerShell\7> Stop-AzVM -Name "aznewvm" -ResourceGroupName "powershellgroup"

Virtual machine stopping operation
This cmdlet will stop the specified virtual machine. Do you want to continue?
[Y] Yes  [N] No  [S] Suspend  [?] Help (default is "Y"): y

OperationId : 66e72389-26ff-4726-bb6a-86226bb170f9
Status      : Succeeded
StartTime   : 07-04-2021 23:23:59
EndTime     : 07-04-2021 23:24:51
Error       :


PS C:\Program Files\PowerShell\7> Remove-AzResource -ResourceGroupName "powershellgroup"

cmdlet Remove-AzResource at command pipeline position 1
Supply values for the following parameters:
(Type !? for Help.)
ResourceName: y
ResourceType:
Remove-AzResource: Cannot validate argument on parameter 'ResourceType'. The argument is null or empty. Provide an argument that is not null or empty, and then try the command again.
PS C:\Program Files\PowerShell\7> Remove-AzResource -Name "powershellgroup"
Remove-AzResource: Parameter set cannot be resolved using the specified named parameters. One or more parameters issued cannot be used together or an insufficient number of parameters were provided.
PS C:\Program Files\PowerShell\7> Remove-AzResourceGroup -Name "powershellgroup"

Confirm
Are you sure you want to remove resource group 'powershellgroup'
[Y] Yes  [N] No  [S] Suspend  [?] Help (default is "Y"): Y


// command to publish app service

PS C:\Users\Rakeshkumar> New-AzResourceGroup -name "powershellwebapp" -Location "eastus"

ResourceGroupName : powershellwebapp
Location          : eastus
ProvisioningState : Succeeded
Tags              :
ResourceId        : /subscriptions/fe15dc29-81da-4200-a630-8dc1a241a2c7/resourceGroups/powershellwebapp


PS C:\Users\Rakeshkumar> New-AzAppServicePlan -ResourceGroupName "powershellwebapp" -Name "aznewsp123" -Location "eastus" -Tier "Free"

AdminSiteName             :
WorkerTierName            :
Status                    : Ready
Subscription              : fe15dc29-81da-4200-a630-8dc1a241a2c7
HostingEnvironmentProfile :
MaximumNumberOfWorkers    : 0
GeoRegion                 : East US
PerSiteScaling            : False
MaximumElasticWorkerCount :
NumberOfSites             : 0
IsSpot                    : False                                                                                       SpotExpirationTime        :                                                                                             FreeOfferExpirationTime   :                                                                                             ResourceGroup             : powershellwebapp                                                                            Reserved                  : False                                                                                       IsXenon                   : False                                                                                       HyperV                    :                                                                                             TargetWorkerCount         : 0                                                                                           TargetWorkerSizeId        : 0                                                                                           ProvisioningState         : Succeeded                                                                                   Sku                       : Microsoft.Azure.Management.WebSites.Models.SkuDescription                                   Id                        : /subscriptions/fe15dc29-81da-4200-a630-8dc1a241a2c7/resourceGroups/powershellwebapp/provide                             rs/Microsoft.Web/serverfarms/aznewsp123                                                     Name                      : aznewsp123                                                                                  Kind                      : app                                                                                         Location                  : eastus                                                                                      Type                      : Microsoft.Web/serverfarms                                                                   Tags                      :                                                                                                                                                                                                                                                                                                                                             PS C:\Users\Rakeshkumar> New-AzWebApp -ResourceGroupName "powershellwebapp" -Name "newrdwebapp" -Location "eastus" -AppServicePlan "aznewsp123"                                                                                                                                                                                                                         AzureStoragePath            :                                                                                           GitRemoteName               :                                                                                           GitRemoteUri                :                                                                                           GitRemoteUsername           :                                                                                           GitRemotePassword           :                                                                                           AzureStorageAccounts        :                                                                                           State                       : Running                                                                                   HostNames                   : {newrdwebapp.azurewebsites.net}                                                           RepositorySiteName          : newrdwebapp                                                                               UsageState                  : Normal                                                                                    Enabled                     : True                                                                                      EnabledHostNames            : {newrdwebapp.azurewebsites.net, newrdwebapp.scm.azurewebsites.net}                        AvailabilityState           : Normal                                                                                    HostNameSslStates           : {newrdwebapp.azurewebsites.net, newrdwebapp.scm.azurewebsites.net}                        ServerFarmId                : /subscriptions/fe15dc29-81da-4200-a630-8dc1a241a2c7/resourceGroups/powershellwebapp/provi                               ders/Microsoft.Web/serverfarms/aznewsp123                                                 Reserved                    : False                                                                                     IsXenon                     : False                                                                                     HyperV                      :                                                                                           LastModifiedTimeUtc         : 08-04-2021 18:36:27                                                                       SiteConfig                  : Microsoft.Azure.Management.WebSites.Models.SiteConfig                                     TrafficManagerHostNames     :                                                                                           ScmSiteAlsoStopped          : False                                                                                     TargetSwapSlot              :                                                                                           HostingEnvironmentProfile   :                                                                                           ClientAffinityEnabled       : True                                                                                      ClientCertEnabled           : False                                                                                     ClientCertMode              :                                                                                           ClientCertExclusionPaths    :                                                                                           HostNamesDisabled           : False                                                                                     CustomDomainVerificationId  :                                                                                           OutboundIpAddresses         : 52.150.53.221,52.154.64.236,52.154.65.178,52.147.212.86,52.154.66.92,52.188.41.146,20.49.                               104.31                                                                                    PossibleOutboundIpAddresses : 52.150.53.221,52.154.64.236,52.154.65.178,52.147.212.86,52.154.66.92,52.188.41.146,52.188                               .42.23,52.142.18.177,52.142.18.40,52.149.202.179,52.154.66.123,52.154.69.195,52.154.70.71                               ,52.154.70.135,52.186.99.104,52.186.101.205,52.142.16.201,52.186.102.198,52.147.209.102,5                               2.149.204.214,52.186.102.230,52.147.209.166,52.147.210.37,52.147.215.140,52.149.206.164,5                               2.190.40.233,52.188.42.100,52.190.43.22,52.224.24.232,52.224.26.145,20.49.104.31          ContainerSize               : 0
DailyMemoryTimeQuota        : 0
SuspendedTill               :
MaxNumberOfWorkers          :
CloningInfo                 :
ResourceGroup               : powershellwebapp
IsDefaultContainer          :
DefaultHostName             : newrdwebapp.azurewebsites.net
SlotSwapStatus              :
HttpsOnly                   : False
RedundancyMode              :
InProgressOperationId       :
Identity                    :
Id                          : /subscriptions/fe15dc29-81da-4200-a630-8dc1a241a2c7/resourceGroups/powershellwebapp/provi
                              ders/Microsoft.Web/sites/newrdwebapp
Name                        : newrdwebapp
Kind                        : app
Location                    : eastus
Type                        : Microsoft.Web/sites
Tags                        :
